Archive member included to satisfy reference by file (symbol)

C:/ST/STM32CubeCLT_1.16.0/GNU-tools-for-STM32/bin/../lib/gcc/arm-none-eabi/12.3.1/../../../../arm-none-eabi/lib/thumb/v7e-m+fp/hard\libc_nano.a(libc_a-exit.o)
                              C:/ST/STM32CubeCLT_1.16.0/GNU-tools-for-STM32/bin/../lib/gcc/arm-none-eabi/12.3.1/../../../../arm-none-eabi/lib/thumb/v7e-m+fp/hard/crt0.o (exit)
C:/ST/STM32CubeCLT_1.16.0/GNU-tools-for-STM32/bin/../lib/gcc/arm-none-eabi/12.3.1/../../../../arm-none-eabi/lib/thumb/v7e-m+fp/hard\libc_nano.a(libc_a-findfp.o)
                              C:/ST/STM32CubeCLT_1.16.0/GNU-tools-for-STM32/bin/../lib/gcc/arm-none-eabi/12.3.1/../../../../arm-none-eabi/lib/thumb/v7e-m+fp/hard\libc_nano.a(libc_a-exit.o) (__stdio_exit_handler)
C:/ST/STM32CubeCLT_1.16.0/GNU-tools-for-STM32/bin/../lib/gcc/arm-none-eabi/12.3.1/../../../../arm-none-eabi/lib/thumb/v7e-m+fp/hard\libc_nano.a(libc_a-fwalk.o)
                              C:/ST/STM32CubeCLT_1.16.0/GNU-tools-for-STM32/bin/../lib/gcc/arm-none-eabi/12.3.1/../../../../arm-none-eabi/lib/thumb/v7e-m+fp/hard\libc_nano.a(libc_a-findfp.o) (_fwalk_sglue)
C:/ST/STM32CubeCLT_1.16.0/GNU-tools-for-STM32/bin/../lib/gcc/arm-none-eabi/12.3.1/../../../../arm-none-eabi/lib/thumb/v7e-m+fp/hard\libc_nano.a(libc_a-stdio.o)
                              C:/ST/STM32CubeCLT_1.16.0/GNU-tools-for-STM32/bin/../lib/gcc/arm-none-eabi/12.3.1/../../../../arm-none-eabi/lib/thumb/v7e-m+fp/hard\libc_nano.a(libc_a-findfp.o) (__sread)
C:/ST/STM32CubeCLT_1.16.0/GNU-tools-for-STM32/bin/../lib/gcc/arm-none-eabi/12.3.1/../../../../arm-none-eabi/lib/thumb/v7e-m+fp/hard\libc_nano.a(libc_a-memset.o)
                              C:/ST/STM32CubeCLT_1.16.0/GNU-tools-for-STM32/bin/../lib/gcc/arm-none-eabi/12.3.1/../../../../arm-none-eabi/lib/thumb/v7e-m+fp/hard/crt0.o (memset)
C:/ST/STM32CubeCLT_1.16.0/GNU-tools-for-STM32/bin/../lib/gcc/arm-none-eabi/12.3.1/../../../../arm-none-eabi/lib/thumb/v7e-m+fp/hard\libc_nano.a(libc_a-closer.o)
                              C:/ST/STM32CubeCLT_1.16.0/GNU-tools-for-STM32/bin/../lib/gcc/arm-none-eabi/12.3.1/../../../../arm-none-eabi/lib/thumb/v7e-m+fp/hard\libc_nano.a(libc_a-stdio.o) (_close_r)
C:/ST/STM32CubeCLT_1.16.0/GNU-tools-for-STM32/bin/../lib/gcc/arm-none-eabi/12.3.1/../../../../arm-none-eabi/lib/thumb/v7e-m+fp/hard\libc_nano.a(libc_a-reent.o)
                              C:/ST/STM32CubeCLT_1.16.0/GNU-tools-for-STM32/bin/../lib/gcc/arm-none-eabi/12.3.1/../../../../arm-none-eabi/lib/thumb/v7e-m+fp/hard\libc_nano.a(libc_a-closer.o) (errno)
C:/ST/STM32CubeCLT_1.16.0/GNU-tools-for-STM32/bin/../lib/gcc/arm-none-eabi/12.3.1/../../../../arm-none-eabi/lib/thumb/v7e-m+fp/hard\libc_nano.a(libc_a-impure.o)
                              C:/ST/STM32CubeCLT_1.16.0/GNU-tools-for-STM32/bin/../lib/gcc/arm-none-eabi/12.3.1/../../../../arm-none-eabi/lib/thumb/v7e-m+fp/hard\libc_nano.a(libc_a-reent.o) (_impure_ptr)
C:/ST/STM32CubeCLT_1.16.0/GNU-tools-for-STM32/bin/../lib/gcc/arm-none-eabi/12.3.1/../../../../arm-none-eabi/lib/thumb/v7e-m+fp/hard\libc_nano.a(libc_a-lseekr.o)
                              C:/ST/STM32CubeCLT_1.16.0/GNU-tools-for-STM32/bin/../lib/gcc/arm-none-eabi/12.3.1/../../../../arm-none-eabi/lib/thumb/v7e-m+fp/hard\libc_nano.a(libc_a-stdio.o) (_lseek_r)
C:/ST/STM32CubeCLT_1.16.0/GNU-tools-for-STM32/bin/../lib/gcc/arm-none-eabi/12.3.1/../../../../arm-none-eabi/lib/thumb/v7e-m+fp/hard\libc_nano.a(libc_a-readr.o)
                              C:/ST/STM32CubeCLT_1.16.0/GNU-tools-for-STM32/bin/../lib/gcc/arm-none-eabi/12.3.1/../../../../arm-none-eabi/lib/thumb/v7e-m+fp/hard\libc_nano.a(libc_a-stdio.o) (_read_r)
C:/ST/STM32CubeCLT_1.16.0/GNU-tools-for-STM32/bin/../lib/gcc/arm-none-eabi/12.3.1/../../../../arm-none-eabi/lib/thumb/v7e-m+fp/hard\libc_nano.a(libc_a-writer.o)
                              C:/ST/STM32CubeCLT_1.16.0/GNU-tools-for-STM32/bin/../lib/gcc/arm-none-eabi/12.3.1/../../../../arm-none-eabi/lib/thumb/v7e-m+fp/hard\libc_nano.a(libc_a-stdio.o) (_write_r)
C:/ST/STM32CubeCLT_1.16.0/GNU-tools-for-STM32/bin/../lib/gcc/arm-none-eabi/12.3.1/../../../../arm-none-eabi/lib/thumb/v7e-m+fp/hard\libc_nano.a(libc_a-init.o)
                              C:/ST/STM32CubeCLT_1.16.0/GNU-tools-for-STM32/bin/../lib/gcc/arm-none-eabi/12.3.1/../../../../arm-none-eabi/lib/thumb/v7e-m+fp/hard/crt0.o (__libc_init_array)
C:/ST/STM32CubeCLT_1.16.0/GNU-tools-for-STM32/bin/../lib/gcc/arm-none-eabi/12.3.1/../../../../arm-none-eabi/lib/thumb/v7e-m+fp/hard\libc_nano.a(libc_a-lock.o)
                              C:/ST/STM32CubeCLT_1.16.0/GNU-tools-for-STM32/bin/../lib/gcc/arm-none-eabi/12.3.1/../../../../arm-none-eabi/lib/thumb/v7e-m+fp/hard\libc_nano.a(libc_a-findfp.o) (__retarget_lock_init_recursive)
C:/ST/STM32CubeCLT_1.16.0/GNU-tools-for-STM32/bin/../lib/gcc/arm-none-eabi/12.3.1/../../../../arm-none-eabi/lib/thumb/v7e-m+fp/hard\libc_nano.a(libc_a-freer.o)
[...]
Memory Configuration

Name             Origin             Length             Attributes
RAM              0x20000000         0x00020000         xrw
FLASH            0x08000000         0x00080000         xr
*default*        0x00000000         0xffffffff

Linker script and memory map

LOAD C:/ST/STM32CubeCLT_1.16.0/GNU-tools-for-STM32/bin/../lib/gcc/arm-none-eabi/12.3.1/thumb/v7e-m+fp/hard/crti.o
LOAD C:/ST/STM32CubeCLT_1.16.0/GNU-tools-for-STM32/bin/../lib/gcc/arm-none-eabi/12.3.1/thumb/v7e-m+fp/hard/crtbegin.o
LOAD C:/ST/STM32CubeCLT_1.16.0/GNU-tools-for-STM32/bin/../lib/gcc/arm-none-eabi/12.3.1/../../../../arm-none-eabi/lib/thumb/v7e-m+fp/hard/crt0.o
START GROUP
LOAD C:/ST/STM32CubeCLT_1.16.0/GNU-tools-for-STM32/bin/../lib/gcc/arm-none-eabi/12.3.1/../../../../arm-none-eabi/lib/thumb/v7e-m+fp/hard\libc_nano.a
LOAD C:/ST/STM32CubeCLT_1.16.0/GNU-tools-for-STM32/bin/../lib/gcc/arm-none-eabi/12.3.1/../../../../arm-none-eabi/lib/thumb/v7e-m+fp/hard\libm.a
END GROUP
LOAD CMakeFiles/TIM2.dir/Core/Src/main.c.obj
LOAD CMakeFiles/TIM2.dir/Core/Src/stm32f4xx_it.c.obj
LOAD CMakeFiles/TIM2.dir/Core/Src/stm32f4xx_hal_msp.c.obj
LOAD CMakeFiles/TIM2.dir/Drivers/STM32F4xx_HAL_Driver/Src/stm32f4xx_hal_tim.c.obj
LOAD CMakeFiles/TIM2.dir/Drivers/STM32F4xx_HAL_Driver/Src/stm32f4xx_hal_tim_ex.c.obj
LOAD CMakeFiles/TIM2.dir/Drivers/STM32F4xx_HAL_Driver/Src/stm32f4xx_hal_rcc.c.obj
LOAD CMakeFiles/TIM2.dir/Drivers/STM32F4xx_HAL_Driver/Src/stm32f4xx_hal_rcc_ex.c.obj
LOAD CMakeFiles/TIM2.dir/Drivers/STM32F4xx_HAL_Driver/Src/stm32f4xx_hal_flash.c.obj
LOAD CMakeFiles/TIM2.dir/Drivers/STM32F4xx_HAL_Driver/Src/stm32f4xx_hal_flash_ex.c.obj
LOAD CMakeFiles/TIM2.dir/Drivers/STM32F4xx_HAL_Driver/Src/stm32f4xx_hal_flash_ramfunc.c.obj
LOAD CMakeFiles/TIM2.dir/Drivers/STM32F4xx_HAL_Driver/Src/stm32f4xx_hal_gpio.c.obj
LOAD CMakeFiles/TIM2.dir/Drivers/STM32F4xx_HAL_Driver/Src/stm32f4xx_hal_dma_ex.c.obj
LOAD CMakeFiles/TIM2.dir/Drivers/STM32F4xx_HAL_Driver/Src/stm32f4xx_hal_dma.c.obj
LOAD CMakeFiles/TIM2.dir/Drivers/STM32F4xx_HAL_Driver/Src/stm32f4xx_hal_pwr.c.obj
LOAD CMakeFiles/TIM2.dir/Drivers/STM32F4xx_HAL_Driver/Src/stm32f4xx_hal_pwr_ex.c.obj
LOAD CMakeFiles/TIM2.dir/Drivers/STM32F4xx_HAL_Driver/Src/stm32f4xx_hal_cortex.c.obj
LOAD CMakeFiles/TIM2.dir/Drivers/STM32F4xx_HAL_Driver/Src/stm32f4xx_hal.c.obj
LOAD CMakeFiles/TIM2.dir/Drivers/STM32F4xx_HAL_Driver/Src/stm32f4xx_hal_exti.c.obj
LOAD CMakeFiles/TIM2.dir/Core/Src/system_stm32f4xx.c.obj
LOAD CMakeFiles/TIM2.dir/Core/Src/sysmem.c.obj
LOAD CMakeFiles/TIM2.dir/Core/Src/syscalls.c.obj
LOAD CMakeFiles/TIM2.dir/startup_stm32f411xe.s.obj
START GROUP
LOAD C:/ST/STM32CubeCLT_1.16.0/GNU-tools-for-STM32/bin/../lib/gcc/arm-none-eabi/12.3.1/thumb/v7e-m+fp/hard\libgcc.a
LOAD C:/ST/STM32CubeCLT_1.16.0/GNU-tools-for-STM32/bin/../lib/gcc/arm-none-eabi/12.3.1/../../../../arm-none-eabi/lib/thumb/v7e-m+fp/hard\libg_nano.a
LOAD C:/ST/STM32CubeCLT_1.16.0/GNU-tools-for-STM32/bin/../lib/gcc/arm-none-eabi/12.3.1/../../../../arm-none-eabi/lib/thumb/v7e-m+fp/hard\libc_nano.a
END GROUP
START GROUP
LOAD C:/ST/STM32CubeCLT_1.16.0/GNU-tools-for-STM32/bin/../lib/gcc/arm-none-eabi/12.3.1/thumb/v7e-m+fp/hard\libgcc.a
LOAD C:/ST/STM32CubeCLT_1.16.0/GNU-tools-for-STM32/bin/../lib/gcc/arm-none-eabi/12.3.1/../../../../arm-none-eabi/lib/thumb/v7e-m+fp/hard\libc_nano.a
END GROUP
LOAD C:/ST/STM32CubeCLT_1.16.0/GNU-tools-for-STM32/bin/../lib/gcc/arm-none-eabi/12.3.1/thumb/v7e-m+fp/hard/crtend.o
LOAD C:/ST/STM32CubeCLT_1.16.0/GNU-tools-for-STM32/bin/../lib/gcc/arm-none-eabi/12.3.1/thumb/v7e-m+fp/hard/crtn.o
                0x20020000                        _estack = (ORIGIN (RAM) + LENGTH (RAM))
                0x00000200                        _Min_Heap_Size = 0x200
                0x00000400                        _Min_Stack_Size = 0x400

.isr_vector     0x08000000      0x198
                0x08000000                        . = ALIGN (0x4)
 *(.isr_vector)
 .isr_vector    0x08000000      0x198 CMakeFiles/TIM2.dir/startup_stm32f411xe.s.obj
                0x08000000                g_pfnVectors
                0x08000198                        . = ALIGN (0x4)

.text           0x08000198     0x1ec8
                0x08000198                        . = ALIGN (0x4)
 *(.text)
 .text          0x08000198       0x40 C:/ST/STM32CubeCLT_1.16.0/GNU-tools-for-STM32/bin/../lib/gcc/arm-none-eabi/12.3.1/thumb/v7e-m+fp/hard/crtbegin.o
 .text          0x080001d8       0x30 C:/ST/STM32CubeCLT_1.16.0/GNU-tools-for-STM32/bin/../lib/gcc/arm-none-eabi/12.3.1/thumb/v7e-m+fp/hard\libgcc.a(_aeabi_uldivmod.o)
                0x080001d8                __aeabi_uldivmod
 .text          0x08000208      0x2bc C:/ST/STM32CubeCLT_1.16.0/GNU-tools-for-STM32/bin/../lib/gcc/arm-none-eabi/12.3.1/thumb/v7e-m+fp/hard\libgcc.a(_udivmoddi4.o)
                0x08000208                __udivmoddi4
 .text          0x080004c4        0x4 C:/ST/STM32CubeCLT_1.16.0/GNU-tools-for-STM32/bin/../lib/gcc/arm-none-eabi/12.3.1/thumb/v7e-m+fp/hard\libgcc.a(_dvmd_tls.o)
                0x080004c4                __aeabi_idiv0
                0x080004c4                __aeabi_ldiv0
 *(.text*)
 .text.memset   0x080004c8       0x10 C:/ST/STM32CubeCLT_1.16.0/GNU-tools-for-STM32/bin/../lib/gcc/arm-none-eabi/12.3.1/../../../../arm-none-eabi/lib/thumb/v7e-m+fp/hard\libc_nano.a(libc_a-memset.o)
                0x080004c8                memset
 .text.__libc_init_array
                0x080004d8       0x48 C:/ST/STM32CubeCLT_1.16.0/GNU-tools-for-STM32/bin/../lib/gcc/arm-none-eabi/12.3.1/../../../../arm-none-eabi/lib/thumb/v7e-m+fp/hard\libc_nano.a(libc_a-init.o)
                0x080004d8                __libc_init_array
 .text.main     0x08000520       0x24 CMakeFiles/TIM2.dir/Core/Src/main.c.obj
                0x08000520                main
 .text.SystemClock_Config
                0x08000544       0xbc CMakeFiles/TIM2.dir/Core/Src/main.c.obj
                0x08000544                SystemClock_Config
 .text.MX_TIM2_Init
                0x08000600       0x9c CMakeFiles/TIM2.dir/Core/Src/main.c.obj
 .text.MX_GPIO_Init
                0x0800069c       0xc4 CMakeFiles/TIM2.dir/Core/Src/main.c.obj
 .text.Error_Handler
                0x08000760        0xc CMakeFiles/TIM2.dir/Core/Src/main.c.obj
                0x08000760                Error_Handler
 .text.NMI_Handler
                0x0800076c        0x8 CMakeFiles/TIM2.dir/Core/Src/stm32f4xx_it.c.obj
                0x0800076c                NMI_Handler
 .text.HardFault_Handler
                0x08000774        0x8 CMakeFiles/TIM2.dir/Core/Src/stm32f4xx_it.c.obj
                0x08000774                HardFault_Handler
 .text.MemManage_Handler
                0x0800077c        0x8 CMakeFiles/TIM2.dir/Core/Src/stm32f4xx_it.c.obj
                0x0800077c                MemManage_Handler
 .text.BusFault_Handler
                0x08000784        0x8 CMakeFiles/TIM2.dir/Core/Src/stm32f4xx_it.c.obj
                0x08000784                BusFault_Handler
 .text.UsageFault_Handler
                0x0800078c        0x8 CMakeFiles/TIM2.dir/Core/Src/stm32f4xx_it.c.obj
                0x0800078c                UsageFault_Handler
 .text.SVC_Handler
                0x08000794        0xe CMakeFiles/TIM2.dir/Core/Src/stm32f4xx_it.c.obj
                0x08000794                SVC_Handler
 .text.DebugMon_Handler
                0x080007a2        0xe CMakeFiles/TIM2.dir/Core/Src/stm32f4xx_it.c.obj
                0x080007a2                DebugMon_Handler
 .text.PendSV_Handler
                0x080007b0        0xe CMakeFiles/TIM2.dir/Core/Src/stm32f4xx_it.c.obj
                0x080007b0                PendSV_Handler
 .text.SysTick_Handler
                0x080007be        0xc CMakeFiles/TIM2.dir/Core/Src/stm32f4xx_it.c.obj
                0x080007be                SysTick_Handler
 *fill*         0x080007ca        0x2 
 .text.TIM2_IRQHandler
                0x080007cc       0x20 CMakeFiles/TIM2.dir/Core/Src/stm32f4xx_it.c.obj
                0x080007cc                TIM2_IRQHandler
 .text.HAL_MspInit
                0x080007ec       0x50 CMakeFiles/TIM2.dir/Core/Src/stm32f4xx_hal_msp.c.obj
                0x080007ec                HAL_MspInit
 .text.HAL_TIM_Base_MspInit
                0x0800083c       0x4c CMakeFiles/TIM2.dir/Core/Src/stm32f4xx_hal_msp.c.obj
                0x0800083c                HAL_TIM_Base_MspInit
 .text.HAL_TIM_Base_Init
                0x08000888       0x9e CMakeFiles/TIM2.dir/Drivers/STM32F4xx_HAL_Driver/Src/stm32f4xx_hal_tim.c.obj
                0x08000888                HAL_TIM_Base_Init
 *fill*         0x08000926        0x2 
 .text.HAL_TIM_Base_Start_IT
                0x08000928       0xc4 CMakeFiles/TIM2.dir/Drivers/STM32F4xx_HAL_Driver/Src/stm32f4xx_hal_tim.c.obj
                0x08000928                HAL_TIM_Base_Start_IT
 .text.HAL_TIM_IRQHandler
                0x080009ec      0x1e0 CMakeFiles/TIM2.dir/Drivers/STM32F4xx_HAL_Driver/Src/stm32f4xx_hal_tim.c.obj
                0x080009ec                HAL_TIM_IRQHandler
 .text.HAL_TIM_ConfigClockSource
                0x08000bcc      0x18e CMakeFiles/TIM2.dir/Drivers/STM32F4xx_HAL_Driver/Src/stm32f4xx_hal_tim.c.obj
                0x08000bcc                HAL_TIM_ConfigClockSource
 .text.HAL_TIM_PeriodElapsedCallback
                0x08000d5a       0x14 CMakeFiles/TIM2.dir/Drivers/STM32F4xx_HAL_Driver/Src/stm32f4xx_hal_tim.c.obj
                0x08000d5a                HAL_TIM_PeriodElapsedCallback
 .text.HAL_TIM_OC_DelayElapsedCallback
                0x08000d6e       0x14 CMakeFiles/TIM2.dir/Drivers/STM32F4xx_HAL_Driver/Src/stm32f4xx_hal_tim.c.obj
                0x08000d6e                HAL_TIM_OC_DelayElapsedCallback
 .text.HAL_TIM_IC_CaptureCallback
                0x08000d82       0x14 CMakeFiles/TIM2.dir/Drivers/STM32F4xx_HAL_Driver/Src/stm32f4xx_hal_tim.c.obj
                0x08000d82                HAL_TIM_IC_CaptureCallback
 .text.HAL_TIM_PWM_PulseFinishedCallback
                0x08000d96       0x14 CMakeFiles/TIM2.dir/Drivers/STM32F4xx_HAL_Driver/Src/stm32f4xx_hal_tim.c.obj
                0x08000d96                HAL_TIM_PWM_PulseFinishedCallback
 .text.HAL_TIM_TriggerCallback
                0x08000daa       0x14 CMakeFiles/TIM2.dir/Drivers/STM32F4xx_HAL_Driver/Src/stm32f4xx_hal_tim.c.obj
                0x08000daa                HAL_TIM_TriggerCallback
 *fill*         0x08000dbe        0x2 
 .text.TIM_Base_SetConfig
                0x08000dc0      0x118 CMakeFiles/TIM2.dir/Drivers/STM32F4xx_HAL_Driver/Src/stm32f4xx_hal_tim.c.obj
                0x08000dc0                TIM_Base_SetConfig
 .text.TIM_TI1_ConfigInputStage
                0x08000ed8       0x5e CMakeFiles/TIM2.dir/Drivers/STM32F4xx_HAL_Driver/Src/stm32f4xx_hal_tim.c.obj
 .text.TIM_TI2_ConfigInputStage
                0x08000f36       0x60 CMakeFiles/TIM2.dir/Drivers/STM32F4xx_HAL_Driver/Src/stm32f4xx_hal_tim.c.obj
 .text.TIM_ITRx_SetConfig
                0x08000f96       0x36 CMakeFiles/TIM2.dir/Drivers/STM32F4xx_HAL_Driver/Src/stm32f4xx_hal_tim.c.obj
 .text.TIM_ETR_SetConfig
                0x08000fcc       0x40 CMakeFiles/TIM2.dir/Drivers/STM32F4xx_HAL_Driver/Src/stm32f4xx_hal_tim.c.obj
                0x08000fcc                TIM_ETR_SetConfig
 .text.HAL_TIMEx_MasterConfigSynchronization
                0x0800100c       0xdc CMakeFiles/TIM2.dir/Drivers/STM32F4xx_HAL_Driver/Src/stm32f4xx_hal_tim_ex.c.obj
                0x0800100c                HAL_TIMEx_MasterConfigSynchronization
 .text.HAL_TIMEx_CommutCallback
                0x080010e8       0x14 CMakeFiles/TIM2.dir/Drivers/STM32F4xx_HAL_Driver/Src/stm32f4xx_hal_tim_ex.c.obj
                0x080010e8                HAL_TIMEx_CommutCallback
 .text.HAL_TIMEx_BreakCallback
                0x080010fc       0x14 CMakeFiles/TIM2.dir/Drivers/STM32F4xx_HAL_Driver/Src/stm32f4xx_hal_tim_ex.c.obj
                0x080010fc                HAL_TIMEx_BreakCallback
 .text.HAL_RCC_OscConfig
                0x08001110      0x4f0 CMakeFiles/TIM2.dir/Drivers/STM32F4xx_HAL_Driver/Src/stm32f4xx_hal_rcc.c.obj
                0x08001110                HAL_RCC_OscConfig
 .text.HAL_RCC_ClockConfig
                0x08001600      0x1cc CMakeFiles/TIM2.dir/Drivers/STM32F4xx_HAL_Driver/Src/stm32f4xx_hal_rcc.c.obj
                0x08001600                HAL_RCC_ClockConfig
 .text.HAL_RCC_GetSysClockFreq
                0x080017cc      0x18c CMakeFiles/TIM2.dir/Drivers/STM32F4xx_HAL_Driver/Src/stm32f4xx_hal_rcc.c.obj
                0x080017cc                HAL_RCC_GetSysClockFreq
 .text.HAL_GPIO_Init
                0x08001958      0x308 CMakeFiles/TIM2.dir/Drivers/STM32F4xx_HAL_Driver/Src/stm32f4xx_hal_gpio.c.obj
                0x08001958                HAL_GPIO_Init
 .text.HAL_GPIO_WritePin
                0x08001c60       0x32 CMakeFiles/TIM2.dir/Drivers/STM32F4xx_HAL_Driver/Src/stm32f4xx_hal_gpio.c.obj
                0x08001c60                HAL_GPIO_WritePin
 .text.HAL_GPIO_TogglePin
                0x08001c92       0x34 CMakeFiles/TIM2.dir/Drivers/STM32F4xx_HAL_Driver/Src/stm32f4xx_hal_gpio.c.obj
                0x08001c92                HAL_GPIO_TogglePin
 *fill*         0x08001cc6        0x2 
 .text.__NVIC_SetPriorityGrouping
                0x08001cc8       0x48 CMakeFiles/TIM2.dir/Drivers/STM32F4xx_HAL_Driver/Src/stm32f4xx_hal_cortex.c.obj
 .text.__NVIC_GetPriorityGrouping
                0x08001d10       0x1c CMakeFiles/TIM2.dir/Drivers/STM32F4xx_HAL_Driver/Src/stm32f4xx_hal_cortex.c.obj
 .text.__NVIC_EnableIRQ
                0x08001d2c       0x3c CMakeFiles/TIM2.dir/Drivers/STM32F4xx_HAL_Driver/Src/stm32f4xx_hal_cortex.c.obj
 .text.__NVIC_SetPriority
                0x08001d68       0x54 CMakeFiles/TIM2.dir/Drivers/STM32F4xx_HAL_Driver/Src/stm32f4xx_hal_cortex.c.obj
 .text.NVIC_EncodePriority
                0x08001dbc       0x66 CMakeFiles/TIM2.dir/Drivers/STM32F4xx_HAL_Driver/Src/stm32f4xx_hal_cortex.c.obj
 *fill*         0x08001e22        0x2 
 .text.SysTick_Config
                0x08001e24       0x44 CMakeFiles/TIM2.dir/Drivers/STM32F4xx_HAL_Driver/Src/stm32f4xx_hal_cortex.c.obj
 .text.HAL_NVIC_SetPriorityGrouping
                0x08001e68       0x16 CMakeFiles/TIM2.dir/Drivers/STM32F4xx_HAL_Driver/Src/stm32f4xx_hal_cortex.c.obj
                0x08001e68                HAL_NVIC_SetPriorityGrouping
 .text.HAL_NVIC_SetPriority
                0x08001e7e       0x38 CMakeFiles/TIM2.dir/Drivers/STM32F4xx_HAL_Driver/Src/stm32f4xx_hal_cortex.c.obj
                0x08001e7e                HAL_NVIC_SetPriority
 .text.HAL_NVIC_EnableIRQ
                0x08001eb6       0x1c CMakeFiles/TIM2.dir/Drivers/STM32F4xx_HAL_Driver/Src/stm32f4xx_hal_cortex.c.obj
                0x08001eb6                HAL_NVIC_EnableIRQ
 .text.HAL_SYSTICK_Config
                0x08001ed2       0x18 CMakeFiles/TIM2.dir/Drivers/STM32F4xx_HAL_Driver/Src/stm32f4xx_hal_cortex.c.obj
                0x08001ed2                HAL_SYSTICK_Config
 *fill*         0x08001eea        0x2 
 .text.HAL_Init
                0x08001eec       0x44 CMakeFiles/TIM2.dir/Drivers/STM32F4xx_HAL_Driver/Src/stm32f4xx_hal.c.obj
                0x08001eec                HAL_Init
 .text.HAL_InitTick
                0x08001f30       0x60 CMakeFiles/TIM2.dir/Drivers/STM32F4xx_HAL_Driver/Src/stm32f4xx_hal.c.obj
                0x08001f30                HAL_InitTick
 .text.HAL_IncTick
                0x08001f90       0x28 CMakeFiles/TIM2.dir/Drivers/STM32F4xx_HAL_Driver/Src/stm32f4xx_hal.c.obj
                0x08001f90                HAL_IncTick
 .text.HAL_GetTick
                0x08001fb8       0x18 CMakeFiles/TIM2.dir/Drivers/STM32F4xx_HAL_Driver/Src/stm32f4xx_hal.c.obj
                0x08001fb8                HAL_GetTick
 .text.SystemInit
                0x08001fd0       0x24 CMakeFiles/TIM2.dir/Core/Src/system_stm32f4xx.c.obj
                0x08001fd0                SystemInit
 .text.Reset_Handler
                0x08001ff4       0x50 CMakeFiles/TIM2.dir/startup_stm32f411xe.s.obj
                0x08001ff4                Reset_Handler
 .text.Default_Handler
                0x08002044        0x2 CMakeFiles/TIM2.dir/startup_stm32f411xe.s.obj
                0x08002044                RTC_Alarm_IRQHandler
                0x08002044                EXTI2_IRQHandler
                0x08002044                SPI4_IRQHandler
                0x08002044                TIM1_CC_IRQHandler
                0x08002044                DMA2_Stream5_IRQHandler
                0x08002044                DMA1_Stream5_IRQHandler
                0x08002044                PVD_IRQHandler
                0x08002044                SDIO_IRQHandler
                0x08002044                TAMP_STAMP_IRQHandler
                0x08002044                EXTI3_IRQHandler
                0x08002044                TIM1_UP_TIM10_IRQHandler
                0x08002044                I2C3_ER_IRQHandler
                0x08002044                EXTI0_IRQHandler
                0x08002044                I2C2_EV_IRQHandler
                0x08002044                DMA1_Stream2_IRQHandler
                0x08002044                FPU_IRQHandler
                0x08002044                DMA2_Stream2_IRQHandler
                0x08002044                SPI1_IRQHandler
                0x08002044                TIM1_BRK_TIM9_IRQHandler
                0x08002044                DMA2_Stream3_IRQHandler
                0x08002044                USART6_IRQHandler
                0x08002044                DMA2_Stream0_IRQHandler
                0x08002044                TIM4_IRQHandler
                0x08002044                I2C1_EV_IRQHandler
                0x08002044                DMA1_Stream6_IRQHandler
                0x08002044                DMA1_Stream1_IRQHandler
                0x08002044                TIM3_IRQHandler
                0x08002044                RCC_IRQHandler
                0x08002044                Default_Handler
                0x08002044                EXTI15_10_IRQHandler
                0x08002044                ADC_IRQHandler
                0x08002044                DMA1_Stream7_IRQHandler
                0x08002044                SPI5_IRQHandler
                0x08002044                TIM5_IRQHandler
                0x08002044                DMA2_Stream7_IRQHandler
                0x08002044                I2C3_EV_IRQHandler
                0x08002044                EXTI9_5_IRQHandler
                0x08002044                RTC_WKUP_IRQHandler
                0x08002044                SPI2_IRQHandler
                0x08002044                DMA1_Stream0_IRQHandler
                0x08002044                EXTI4_IRQHandler
                0x08002044                WWDG_IRQHandler
                0x08002044                OTG_FS_WKUP_IRQHandler
                0x08002044                TIM1_TRG_COM_TIM11_IRQHandler
                0x08002044                EXTI1_IRQHandler
                0x08002044                USART2_IRQHandler
                0x08002044                I2C2_ER_IRQHandler
                0x08002044                DMA2_Stream1_IRQHandler
                0x08002044                FLASH_IRQHandler
                0x08002044                DMA2_Stream4_IRQHandler
                0x08002044                USART1_IRQHandler
                0x08002044                OTG_FS_IRQHandler
                0x08002044                SPI3_IRQHandler
                0x08002044                DMA1_Stream4_IRQHandler
                0x08002044                I2C1_ER_IRQHandler
                0x08002044                DMA2_Stream6_IRQHandler
                0x08002044                DMA1_Stream3_IRQHandler
 *(.glue_7)
 .glue_7        0x08002046        0x0 linker stubs
 *(.glue_7t)
 .glue_7t       0x08002046        0x0 linker stubs
 *(.eh_frame)
 *fill*         0x08002046        0x2 
 .eh_frame      0x08002048        0x0 C:/ST/STM32CubeCLT_1.16.0/GNU-tools-for-STM32/bin/../lib/gcc/arm-none-eabi/12.3.1/thumb/v7e-m+fp/hard/crtbegin.o
 *(.init)
 .init          0x08002048        0x4 C:/ST/STM32CubeCLT_1.16.0/GNU-tools-for-STM32/bin/../lib/gcc/arm-none-eabi/12.3.1/thumb/v7e-m+fp/hard/crti.o
                0x08002048                _init
 .init          0x0800204c        0x8 C:/ST/STM32CubeCLT_1.16.0/GNU-tools-for-STM32/bin/../lib/gcc/arm-none-eabi/12.3.1/thumb/v7e-m+fp/hard/crtn.o
 *(.fini)
 .fini          0x08002054        0x4 C:/ST/STM32CubeCLT_1.16.0/GNU-tools-for-STM32/bin/../lib/gcc/arm-none-eabi/12.3.1/thumb/v7e-m+fp/hard/crti.o
                0x08002054                _fini
 .fini          0x08002058        0x8 C:/ST/STM32CubeCLT_1.16.0/GNU-tools-for-STM32/bin/../lib/gcc/arm-none-eabi/12.3.1/thumb/v7e-m+fp/hard/crtn.o
                0x08002060                        . = ALIGN (0x4)
                0x08002060                        _etext = .

.vfp11_veneer   0x08002060        0x0
 .vfp11_veneer  0x08002060        0x0 linker stubs

.v4_bx          0x08002060        0x0
 .v4_bx         0x08002060        0x0 linker stubs

.iplt           0x08002060        0x0
 .iplt          0x08002060        0x0 C:/ST/STM32CubeCLT_1.16.0/GNU-tools-for-STM32/bin/../lib/gcc/arm-none-eabi/12.3.1/thumb/v7e-m+fp/hard/crtbegin.o

.rodata         0x08002060       0x10
                0x08002060                        . = ALIGN (0x4)
 *(.rodata)
 *(.rodata*)
 .rodata.AHBPrescTable
                0x08002060       0x10 CMakeFiles/TIM2.dir/Core/Src/system_stm32f4xx.c.obj
                0x08002060                AHBPrescTable
                0x08002070                        . = ALIGN (0x4)

.ARM.extab
 *(.ARM.extab* .gnu.linkonce.armextab.*)

.ARM            0x08002070        0x8
                0x08002070                        __exidx_start = .
 *(.ARM.exidx*)
 .ARM.exidx     0x08002070        0x8 C:/ST/STM32CubeCLT_1.16.0/GNU-tools-for-STM32/bin/../lib/gcc/arm-none-eabi/12.3.1/thumb/v7e-m+fp/hard\libgcc.a(_udivmoddi4.o)
                0x08002078                        __exidx_end = .

.rel.dyn        0x08002078        0x0
 .rel.iplt      0x08002078        0x0 C:/ST/STM32CubeCLT_1.16.0/GNU-tools-for-STM32/bin/../lib/gcc/arm-none-eabi/12.3.1/thumb/v7e-m+fp/hard/crtbegin.o

.preinit_array  0x08002078        0x0
                0x08002078                        PROVIDE (__preinit_array_start = .)
 *(.preinit_array*)
                0x08002078                        PROVIDE (__preinit_array_end = .)

.init_array     0x08002078        0x4
                0x08002078                        PROVIDE (__init_array_start = .)
 *(SORT_BY_NAME(.init_array.*))
 *(.init_array*)
 .init_array    0x08002078        0x4 C:/ST/STM32CubeCLT_1.16.0/GNU-tools-for-STM32/bin/../lib/gcc/arm-none-eabi/12.3.1/thumb/v7e-m+fp/hard/crtbegin.o
                0x0800207c                        PROVIDE (__init_array_end = .)

.fini_array     0x0800207c        0x4
                [!provide]                        PROVIDE (__fini_array_start = .)
 *(SORT_BY_NAME(.fini_array.*))
 *(.fini_array*)
 .fini_array    0x0800207c        0x4 C:/ST/STM32CubeCLT_1.16.0/GNU-tools-for-STM32/bin/../lib/gcc/arm-none-eabi/12.3.1/thumb/v7e-m+fp/hard/crtbegin.o
                [!provide]                        PROVIDE (__fini_array_end = .)
                0x08002080                        _sidata = LOADADDR (.data)

.data           0x20000000        0xc load address 0x08002080
                0x20000000                        . = ALIGN (0x4)
                0x20000000                        _sdata = .
 *(.data)
 *(.data*)
 .data.uwTickPrio
                0x20000000        0x4 CMakeFiles/TIM2.dir/Drivers/STM32F4xx_HAL_Driver/Src/stm32f4xx_hal.c.obj
                0x20000000                uwTickPrio
 .data.uwTickFreq
                0x20000004        0x1 CMakeFiles/TIM2.dir/Drivers/STM32F4xx_HAL_Driver/Src/stm32f4xx_hal.c.obj
                0x20000004                uwTickFreq
 *fill*         0x20000005        0x3 
 .data.SystemCoreClock
                0x20000008        0x4 CMakeFiles/TIM2.dir/Core/Src/system_stm32f4xx.c.obj
                0x20000008                SystemCoreClock
                0x2000000c                        . = ALIGN (0x4)
                0x2000000c                        _edata = .

.igot.plt       0x2000000c        0x0 load address 0x0800208c
 .igot.plt      0x2000000c        0x0 C:/ST/STM32CubeCLT_1.16.0/GNU-tools-for-STM32/bin/../lib/gcc/arm-none-eabi/12.3.1/thumb/v7e-m+fp/hard/crtbegin.o
                0x2000000c                        . = ALIGN (0x4)

.bss            0x2000000c       0x68 load address 0x0800208c
                0x2000000c                        _sbss = .
                0x2000000c                        __bss_start__ = _sbss
 *(.bss)
 .bss           0x2000000c       0x1c C:/ST/STM32CubeCLT_1.16.0/GNU-tools-for-STM32/bin/../lib/gcc/arm-none-eabi/12.3.1/thumb/v7e-m+fp/hard/crtbegin.o
 *(.bss*)
 .bss.htim2     0x20000028       0x48 CMakeFiles/TIM2.dir/Core/Src/main.c.obj
                0x20000028                htim2
 .bss.uwTick    0x20000070        0x4 CMakeFiles/TIM2.dir/Drivers/STM32F4xx_HAL_Driver/Src/stm32f4xx_hal.c.obj
                0x20000070                uwTick
 *(COMMON)
                0x20000074                        . = ALIGN (0x4)
                0x20000074                        _ebss = .
                0x20000074                        __bss_end__ = _ebss

._user_heap_stack
                0x20000074      0x604 load address 0x0800208c
                0x20000078                        . = ALIGN (0x8)
 *fill*         0x20000074        0x4 
                [!provide]                        PROVIDE (end = .)
                0x20000078                        PROVIDE (_end = .)
                0x20000278                        . = (. + _Min_Heap_Size)
 *fill*         0x20000078      0x200 
                0x20000678                        . = (. + _Min_Stack_Size)
 *fill*         0x20000278      0x400 
                0x20000678                        . = ALIGN (0x8)

/DISCARD/
 libc.a(*)
 libm.a(*)
 libgcc.a(*)

.ARM.attributes
                0x00000000       0x30
 *(.ARM.attributes)
 .ARM.attributes
                0x00000000       0x22 C:/ST/STM32CubeCLT_1.16.0/GNU-tools-for-STM32/bin/../lib/gcc/arm-none-eabi/12.3.1/thumb/v7e-m+fp/hard/crti.o
 .ARM.attributes
                0x00000022       0x34 C:/ST/STM32CubeCLT_1.16.0/GNU-tools-for-STM32/bin/../lib/gcc/arm-none-eabi/12.3.1/thumb/v7e-m+fp/hard/crtbegin.o
 .ARM.attributes
                0x00000056       0x34 C:/ST/STM32CubeCLT_1.16.0/GNU-tools-for-STM32/bin/../lib/gcc/arm-none-eabi/12.3.1/../../../../arm-none-eabi/lib/thumb/v7e-m+fp/hard\libc_nano.a(libc_a-memset.o)
 .ARM.attributes
                0x0000008a       0x34 C:/ST/STM32CubeCLT_1.16.0/GNU-tools-for-STM32/bin/../lib/gcc/arm-none-eabi/12.3.1/../../../../arm-none-eabi/lib/thumb/v7e-m+fp/hard\libc_nano.a(libc_a-init.o)
 .ARM.attributes
                0x000000be       0x34 CMakeFiles/TIM2.dir/Core/Src/main.c.obj
 .ARM.attributes
                0x000000f2       0x34 CMakeFiles/TIM2.dir/Core/Src/stm32f4xx_it.c.obj
 .ARM.attributes
                0x00000126       0x34 CMakeFiles/TIM2.dir/Core/Src/stm32f4xx_hal_msp.c.obj
 .ARM.attributes
                0x0000015a       0x34 CMakeFiles/TIM2.dir/Drivers/STM32F4xx_HAL_Driver/Src/stm32f4xx_hal_tim.c.obj
 .ARM.attributes
                0x0000018e       0x34 CMakeFiles/TIM2.dir/Drivers/STM32F4xx_HAL_Driver/Src/stm32f4xx_hal_tim_ex.c.obj
 .ARM.attributes
                0x000001c2       0x34 CMakeFiles/TIM2.dir/Drivers/STM32F4xx_HAL_Driver/Src/stm32f4xx_hal_rcc.c.obj
 .ARM.attributes
                0x000001f6       0x34 CMakeFiles/TIM2.dir/Drivers/STM32F4xx_HAL_Driver/Src/stm32f4xx_hal_gpio.c.obj
 .ARM.attributes
                0x0000022a       0x34 CMakeFiles/TIM2.dir/Drivers/STM32F4xx_HAL_Driver/Src/stm32f4xx_hal_cortex.c.obj
 .ARM.attributes
                0x0000025e       0x34 CMakeFiles/TIM2.dir/Drivers/STM32F4xx_HAL_Driver/Src/stm32f4xx_hal.c.obj
 .ARM.attributes
                0x00000292       0x34 CMakeFiles/TIM2.dir/Core/Src/system_stm32f4xx.c.obj
 .ARM.attributes
                0x000002c6       0x21 CMakeFiles/TIM2.dir/startup_stm32f411xe.s.obj
 .ARM.attributes
                0x000002e7       0x22 C:/ST/STM32CubeCLT_1.16.0/GNU-tools-for-STM32/bin/../lib/gcc/arm-none-eabi/12.3.1/thumb/v7e-m+fp/hard\libgcc.a(_aeabi_uldivmod.o)
 .ARM.attributes
                0x00000309       0x34 C:/ST/STM32CubeCLT_1.16.0/GNU-tools-for-STM32/bin/../lib/gcc/arm-none-eabi/12.3.1/thumb/v7e-m+fp/hard\libgcc.a(_udivmoddi4.o)
 .ARM.attributes
                0x0000033d       0x22 C:/ST/STM32CubeCLT_1.16.0/GNU-tools-for-STM32/bin/../lib/gcc/arm-none-eabi/12.3.1/thumb/v7e-m+fp/hard\libgcc.a(_dvmd_tls.o)
 .ARM.attributes
                0x0000035f       0x22 C:/ST/STM32CubeCLT_1.16.0/GNU-tools-for-STM32/bin/../lib/gcc/arm-none-eabi/12.3.1/thumb/v7e-m+fp/hard/crtn.o
OUTPUT(TIM2.elf elf32-littlearm)
LOAD linker stubs
LOAD C:/ST/STM32CubeCLT_1.16.0/GNU-tools-for-STM32/bin/../lib/gcc/arm-none-eabi/12.3.1/../../../../arm-none-eabi/lib/thumb/v7e-m+fp/hard\libc.a
LOAD C:/ST/STM32CubeCLT_1.16.0/GNU-tools-for-STM32/bin/../lib/gcc/arm-none-eabi/12.3.1/../../../../arm-none-eabi/lib/thumb/v7e-m+fp/hard\libm.a
LOAD C:/ST/STM32CubeCLT_1.16.0/GNU-tools-for-STM32/bin/../lib/gcc/arm-none-eabi/12.3.1/thumb/v7e-m+fp/hard\libgcc.a

.debug_frame    0x00000000     0x2700
 .debug_frame   0x00000000       0x20 C:/ST/STM32CubeCLT_1.16.0/GNU-tools-for-STM32/bin/../lib/gcc/arm-none-eabi/12.3.1/../../../../arm-none-eabi/lib/thumb/v7e-m+fp/hard\libc_nano.a(libc_a-memset.o)
 .debug_frame   0x00000020       0x2c C:/ST/STM32CubeCLT_1.16.0/GNU-tools-for-STM32/bin/../lib/gcc/arm-none-eabi/12.3.1/../../../../arm-none-eabi/lib/thumb/v7e-m+fp/hard\libc_nano.a(libc_a-init.o)
 .debug_frame   0x0000004c       0xb0 CMakeFiles/TIM2.dir/Core/Src/main.c.obj
 .debug_frame   0x000000fc      0x120 CMakeFiles/TIM2.dir/Core/Src/stm32f4xx_it.c.obj
 .debug_frame   0x0000021c       0x80 CMakeFiles/TIM2.dir/Core/Src/stm32f4xx_hal_msp.c.obj
 .debug_frame   0x0000029c     0x11b8 CMakeFiles/TIM2.dir/Drivers/STM32F4xx_HAL_Driver/Src/stm32f4xx_hal_tim.c.obj
 .debug_frame   0x00001454      0x638 CMakeFiles/TIM2.dir/Drivers/STM32F4xx_HAL_Driver/Src/stm32f4xx_hal_tim_ex.c.obj
 .debug_frame   0x00001a8c      0x1f4 CMakeFiles/TIM2.dir/Drivers/STM32F4xx_HAL_Driver/Src/stm32f4xx_hal_rcc.c.obj
 .debug_frame   0x00001c80      0x14c CMakeFiles/TIM2.dir/Drivers/STM32F4xx_HAL_Driver/Src/stm32f4xx_hal_gpio.c.obj
 .debug_frame   0x00001dcc      0x508 CMakeFiles/TIM2.dir/Drivers/STM32F4xx_HAL_Driver/Src/stm32f4xx_hal_cortex.c.obj
 .debug_frame   0x000022d4      0x374 CMakeFiles/TIM2.dir/Drivers/STM32F4xx_HAL_Driver/Src/stm32f4xx_hal.c.obj
 .debug_frame   0x00002648       0x58 CMakeFiles/TIM2.dir/Core/Src/system_stm32f4xx.c.obj
 .debug_frame   0x000026a0       0x2c C:/ST/STM32CubeCLT_1.16.0/GNU-tools-for-STM32/bin/../lib/gcc/arm-none-eabi/12.3.1/thumb/v7e-m+fp/hard\libgcc.a(_aeabi_uldivmod.o)
 .debug_frame   0x000026cc       0x34 C:/ST/STM32CubeCLT_1.16.0/GNU-tools-for-STM32/bin/../lib/gcc/arm-none-eabi/12.3.1/thumb/v7e-m+fp/hard\libgcc.a(_udivmoddi4.o)

.debug_info     0x00000000     0x8969
 .debug_info    0x00000000      0xdb2 CMakeFiles/TIM2.dir/Core/Src/main.c.obj
 .debug_info    0x00000db2      0x7b1 CMakeFiles/TIM2.dir/Core/Src/stm32f4xx_it.c.obj
 .debug_info    0x00001563      0xa85 CMakeFiles/TIM2.dir/Core/Src/stm32f4xx_hal_msp.c.obj
 .debug_info    0x00001fe8     0x2996 CMakeFiles/TIM2.dir/Drivers/STM32F4xx_HAL_Driver/Src/stm32f4xx_hal_tim.c.obj
 .debug_info    0x0000497e     0x14d4 CMakeFiles/TIM2.dir/Drivers/STM32F4xx_HAL_Driver/Src/stm32f4xx_hal_tim_ex.c.obj
 .debug_info    0x00005e52      0x8f0 CMakeFiles/TIM2.dir/Drivers/STM32F4xx_HAL_Driver/Src/stm32f4xx_hal_rcc.c.obj
 .debug_info    0x00006742      0x6f9 CMakeFiles/TIM2.dir/Drivers/STM32F4xx_HAL_Driver/Src/stm32f4xx_hal_gpio.c.obj
 .debug_info    0x00006e3b      0xcfc CMakeFiles/TIM2.dir/Drivers/STM32F4xx_HAL_Driver/Src/stm32f4xx_hal_cortex.c.obj
 .debug_info    0x00007b37      0x8c4 CMakeFiles/TIM2.dir/Drivers/STM32F4xx_HAL_Driver/Src/stm32f4xx_hal.c.obj
 .debug_info    0x000083fb      0x53e CMakeFiles/TIM2.dir/Core/Src/system_stm32f4xx.c.obj
 .debug_info    0x00008939       0x30 CMakeFiles/TIM2.dir/startup_stm32f411xe.s.obj

.debug_abbrev   0x00000000     0x160e
 .debug_abbrev  0x00000000      0x243 CMakeFiles/TIM2.dir/Core/Src/main.c.obj
 .debug_abbrev  0x00000243      0x1ba CMakeFiles/TIM2.dir/Core/Src/stm32f4xx_it.c.obj
 .debug_abbrev  0x000003fd      0x1c1 CMakeFiles/TIM2.dir/Core/Src/stm32f4xx_hal_msp.c.obj
 .debug_abbrev  0x000005be      0x28b CMakeFiles/TIM2.dir/Drivers/STM32F4xx_HAL_Driver/Src/stm32f4xx_hal_tim.c.obj
 .debug_abbrev  0x00000849      0x296 CMakeFiles/TIM2.dir/Drivers/STM32F4xx_HAL_Driver/Src/stm32f4xx_hal_tim_ex.c.obj
 .debug_abbrev  0x00000adf      0x2b6 CMakeFiles/TIM2.dir/Drivers/STM32F4xx_HAL_Driver/Src/stm32f4xx_hal_rcc.c.obj
 .debug_abbrev  0x00000d95      0x1d3 CMakeFiles/TIM2.dir/Drivers/STM32F4xx_HAL_Driver/Src/stm32f4xx_hal_gpio.c.obj
 .debug_abbrev  0x00000f68      0x31d CMakeFiles/TIM2.dir/Drivers/STM32F4xx_HAL_Driver/Src/stm32f4xx_hal_cortex.c.obj
 .debug_abbrev  0x00001285      0x24b CMakeFiles/TIM2.dir/Drivers/STM32F4xx_HAL_Driver/Src/stm32f4xx_hal.c.obj
 .debug_abbrev  0x000014d0      0x11a CMakeFiles/TIM2.dir/Core/Src/system_stm32f4xx.c.obj
 .debug_abbrev  0x000015ea       0x24 CMakeFiles/TIM2.dir/startup_stm32f411xe.s.obj

.debug_aranges  0x00000000      0x960
 .debug_aranges
                0x00000000       0x40 CMakeFiles/TIM2.dir/Core/Src/main.c.obj
 .debug_aranges
                0x00000040       0x68 CMakeFiles/TIM2.dir/Core/Src/stm32f4xx_it.c.obj
 .debug_aranges
                0x000000a8       0x30 CMakeFiles/TIM2.dir/Core/Src/stm32f4xx_hal_msp.c.obj
 .debug_aranges
                0x000000d8      0x3d0 CMakeFiles/TIM2.dir/Drivers/STM32F4xx_HAL_Driver/Src/stm32f4xx_hal_tim.c.obj
 .debug_aranges
                0x000004a8      0x168 CMakeFiles/TIM2.dir/Drivers/STM32F4xx_HAL_Driver/Src/stm32f4xx_hal_tim_ex.c.obj
 .debug_aranges
                0x00000610       0x88 CMakeFiles/TIM2.dir/Drivers/STM32F4xx_HAL_Driver/Src/stm32f4xx_hal_rcc.c.obj
 .debug_aranges
                0x00000698       0x58 CMakeFiles/TIM2.dir/Drivers/STM32F4xx_HAL_Driver/Src/stm32f4xx_hal_gpio.c.obj
 .debug_aranges
                0x000006f0      0x130 CMakeFiles/TIM2.dir/Drivers/STM32F4xx_HAL_Driver/Src/stm32f4xx_hal_cortex.c.obj
 .debug_aranges
                0x00000820       0xf0 CMakeFiles/TIM2.dir/Drivers/STM32F4xx_HAL_Driver/Src/stm32f4xx_hal.c.obj
 .debug_aranges
                0x00000910       0x28 CMakeFiles/TIM2.dir/Core/Src/system_stm32f4xx.c.obj
 .debug_aranges
                0x00000938       0x28 CMakeFiles/TIM2.dir/startup_stm32f411xe.s.obj

.debug_rnglists
                0x00000000      0x73c
 .debug_rnglists
                0x00000000       0x2e CMakeFiles/TIM2.dir/Core/Src/main.c.obj
 .debug_rnglists
                0x0000002e       0x49 CMakeFiles/TIM2.dir/Core/Src/stm32f4xx_it.c.obj
 .debug_rnglists
                0x00000077       0x1f CMakeFiles/TIM2.dir/Core/Src/stm32f4xx_hal_msp.c.obj
 .debug_rnglists
                0x00000096      0x31a CMakeFiles/TIM2.dir/Drivers/STM32F4xx_HAL_Driver/Src/stm32f4xx_hal_tim.c.obj
 .debug_rnglists
                0x000003b0      0x125 CMakeFiles/TIM2.dir/Drivers/STM32F4xx_HAL_Driver/Src/stm32f4xx_hal_tim_ex.c.obj
 .debug_rnglists
                0x000004d5       0x66 CMakeFiles/TIM2.dir/Drivers/STM32F4xx_HAL_Driver/Src/stm32f4xx_hal_rcc.c.obj
 .debug_rnglists
                0x0000053b       0x3f CMakeFiles/TIM2.dir/Drivers/STM32F4xx_HAL_Driver/Src/stm32f4xx_hal_gpio.c.obj
 .debug_rnglists
                0x0000057a       0xe0 CMakeFiles/TIM2.dir/Drivers/STM32F4xx_HAL_Driver/Src/stm32f4xx_hal_cortex.c.obj
 .debug_rnglists
                0x0000065a       0xaf CMakeFiles/TIM2.dir/Drivers/STM32F4xx_HAL_Driver/Src/stm32f4xx_hal.c.obj
 .debug_rnglists
                0x00000709       0x1a CMakeFiles/TIM2.dir/Core/Src/system_stm32f4xx.c.obj
 .debug_rnglists
                0x00000723       0x19 CMakeFiles/TIM2.dir/startup_stm32f411xe.s.obj

.debug_macro    0x00000000    0x15102
 .debug_macro   0x00000000      0x1d3 CMakeFiles/TIM2.dir/Core/Src/main.c.obj
 .debug_macro   0x000001d3      0xab4 CMakeFiles/TIM2.dir/Core/Src/main.c.obj
 .debug_macro   0x00000c87      0x295 CMakeFiles/TIM2.dir/Core/Src/main.c.obj
 .debug_macro   0x00000f1c       0x2e CMakeFiles/TIM2.dir/Core/Src/main.c.obj
 .debug_macro   0x00000f4a       0x28 CMakeFiles/TIM2.dir/Core/Src/main.c.obj
 .debug_macro   0x00000f72       0x22 CMakeFiles/TIM2.dir/Core/Src/main.c.obj
 .debug_macro   0x00000f94       0x8e CMakeFiles/TIM2.dir/Core/Src/main.c.obj
 .debug_macro   0x00001022       0x51 CMakeFiles/TIM2.dir/Core/Src/main.c.obj
 .debug_macro   0x00001073      0x103 CMakeFiles/TIM2.dir/Core/Src/main.c.obj
 .debug_macro   0x00001176       0x6a CMakeFiles/TIM2.dir/Core/Src/main.c.obj
 .debug_macro   0x000011e0      0x1df CMakeFiles/TIM2.dir/Core/Src/main.c.obj
 .debug_macro   0x000013bf       0x1c CMakeFiles/TIM2.dir/Core/Src/main.c.obj
 .debug_macro   0x000013db       0x22 CMakeFiles/TIM2.dir/Core/Src/main.c.obj
 .debug_macro   0x000013fd       0xfb CMakeFiles/TIM2.dir/Core/Src/main.c.obj
 .debug_macro   0x000014f8     0x1011 CMakeFiles/TIM2.dir/Core/Src/main.c.obj
 .debug_macro   0x00002509      0x11f CMakeFiles/TIM2.dir/Core/Src/main.c.obj
 .debug_macro   0x00002628     0xb953 CMakeFiles/TIM2.dir/Core/Src/main.c.obj
 .debug_macro   0x0000df7b       0x6d CMakeFiles/TIM2.dir/Core/Src/main.c.obj
 .debug_macro   0x0000dfe8     0x369a CMakeFiles/TIM2.dir/Core/Src/main.c.obj
 .debug_macro   0x00011682      0x189 CMakeFiles/TIM2.dir/Core/Src/main.c.obj
 .debug_macro   0x0001180b       0x5c CMakeFiles/TIM2.dir/Core/Src/main.c.obj
 .debug_macro   0x00011867      0x45c CMakeFiles/TIM2.dir/Core/Src/main.c.obj
 .debug_macro   0x00011cc3      0x9e9 CMakeFiles/TIM2.dir/Core/Src/main.c.obj
 .debug_macro   0x000126ac      0x115 CMakeFiles/TIM2.dir/Core/Src/main.c.obj
 .debug_macro   0x000127c1      0x11b CMakeFiles/TIM2.dir/Core/Src/main.c.obj
 .debug_macro   0x000128dc       0xa5 CMakeFiles/TIM2.dir/Core/Src/main.c.obj
 .debug_macro   0x00012981      0x15f CMakeFiles/TIM2.dir/Core/Src/main.c.obj
 .debug_macro   0x00012ae0      0x287 CMakeFiles/TIM2.dir/Core/Src/main.c.obj
 .debug_macro   0x00012d67       0x5f CMakeFiles/TIM2.dir/Core/Src/main.c.obj
 .debug_macro   0x00012dc6      0x236 CMakeFiles/TIM2.dir/Core/Src/main.c.obj
 .debug_macro   0x00012ffc      0x132 CMakeFiles/TIM2.dir/Core/Src/main.c.obj
 .debug_macro   0x0001312e      0x264 CMakeFiles/TIM2.dir/Core/Src/main.c.obj
 .debug_macro   0x00013392       0x2e CMakeFiles/TIM2.dir/Core/Src/main.c.obj
 .debug_macro   0x000133c0      0x127 CMakeFiles/TIM2.dir/Core/Src/main.c.obj
 .debug_macro   0x000134e7       0x85 CMakeFiles/TIM2.dir/Core/Src/main.c.obj
 .debug_macro   0x0001356c       0x89 CMakeFiles/TIM2.dir/Core/Src/main.c.obj
 .debug_macro   0x000135f5      0x8ed CMakeFiles/TIM2.dir/Core/Src/main.c.obj
 .debug_macro   0x00013ee2       0x47 CMakeFiles/TIM2.dir/Core/Src/main.c.obj
 .debug_macro   0x00013f29      0x126 CMakeFiles/TIM2.dir/Core/Src/main.c.obj
 .debug_macro   0x0001404f       0x1c CMakeFiles/TIM2.dir/Core/Src/main.c.obj
 .debug_macro   0x0001406b      0x1dd CMakeFiles/TIM2.dir/Core/Src/stm32f4xx_it.c.obj
 .debug_macro   0x00014248      0x1d3 CMakeFiles/TIM2.dir/Core/Src/stm32f4xx_hal_msp.c.obj
 .debug_macro   0x0001441b      0x1c5 CMakeFiles/TIM2.dir/Drivers/STM32F4xx_HAL_Driver/Src/stm32f4xx_hal_tim.c.obj
 .debug_macro   0x000145e0      0x1c4 CMakeFiles/TIM2.dir/Drivers/STM32F4xx_HAL_Driver/Src/stm32f4xx_hal_tim_ex.c.obj
 .debug_macro   0x000147a4      0x1e8 CMakeFiles/TIM2.dir/Drivers/STM32F4xx_HAL_Driver/Src/stm32f4xx_hal_rcc.c.obj
 .debug_macro   0x0001498c      0x1ca CMakeFiles/TIM2.dir/Drivers/STM32F4xx_HAL_Driver/Src/stm32f4xx_hal_gpio.c.obj
 .debug_macro   0x00014b56      0x1c4 CMakeFiles/TIM2.dir/Drivers/STM32F4xx_HAL_Driver/Src/stm32f4xx_hal_cortex.c.obj
 .debug_macro   0x00014d1a      0x224 CMakeFiles/TIM2.dir/Drivers/STM32F4xx_HAL_Driver/Src/stm32f4xx_hal.c.obj
 .debug_macro   0x00014f3e      0x1c4 CMakeFiles/TIM2.dir/Core/Src/system_stm32f4xx.c.obj

.debug_line     0x00000000     0x9c9d
 .debug_line    0x00000000      0x7de CMakeFiles/TIM2.dir/Core/Src/main.c.obj
 .debug_line    0x000007de      0x7c6 CMakeFiles/TIM2.dir/Core/Src/stm32f4xx_it.c.obj
 .debug_line    0x00000fa4      0x726 CMakeFiles/TIM2.dir/Core/Src/stm32f4xx_hal_msp.c.obj
 .debug_line    0x000016ca     0x3556 CMakeFiles/TIM2.dir/Drivers/STM32F4xx_HAL_Driver/Src/stm32f4xx_hal_tim.c.obj
 .debug_line    0x00004c20     0x1969 CMakeFiles/TIM2.dir/Drivers/STM32F4xx_HAL_Driver/Src/stm32f4xx_hal_tim_ex.c.obj
 .debug_line    0x00006589      0xd61 CMakeFiles/TIM2.dir/Drivers/STM32F4xx_HAL_Driver/Src/stm32f4xx_hal_rcc.c.obj
 .debug_line    0x000072ea      0xb28 CMakeFiles/TIM2.dir/Drivers/STM32F4xx_HAL_Driver/Src/stm32f4xx_hal_gpio.c.obj
 .debug_line    0x00007e12      0xcca CMakeFiles/TIM2.dir/Drivers/STM32F4xx_HAL_Driver/Src/stm32f4xx_hal_cortex.c.obj
 .debug_line    0x00008adc      0x9d8 CMakeFiles/TIM2.dir/Drivers/STM32F4xx_HAL_Driver/Src/stm32f4xx_hal.c.obj
 .debug_line    0x000094b4      0x76f CMakeFiles/TIM2.dir/Core/Src/system_stm32f4xx.c.obj
 .debug_line    0x00009c23       0x7a CMakeFiles/TIM2.dir/startup_stm32f411xe.s.obj

.debug_str      0x00000000    0x87f5e
 .debug_str     0x00000000    0x85845 CMakeFiles/TIM2.dir/Core/Src/main.c.obj
                              0x85b70 (size before relaxing)
 .debug_str     0x00085845      0x123 CMakeFiles/TIM2.dir/Core/Src/stm32f4xx_it.c.obj
                              0x857d5 (size before relaxing)
 .debug_str     0x00085968      0x458 CMakeFiles/TIM2.dir/Core/Src/stm32f4xx_hal_msp.c.obj
                              0x85bdd (size before relaxing)
 .debug_str     0x00085dc0      0xe27 CMakeFiles/TIM2.dir/Drivers/STM32F4xx_HAL_Driver/Src/stm32f4xx_hal_tim.c.obj
                              0x86663 (size before relaxing)
 .debug_str     0x00086be7      0x4b7 CMakeFiles/TIM2.dir/Drivers/STM32F4xx_HAL_Driver/Src/stm32f4xx_hal_tim_ex.c.obj
                              0x85e6f (size before relaxing)
 .debug_str     0x0008709e      0x2e5 CMakeFiles/TIM2.dir/Drivers/STM32F4xx_HAL_Driver/Src/stm32f4xx_hal_rcc.c.obj
                              0x8571f (size before relaxing)
 .debug_str     0x00087383      0x142 CMakeFiles/TIM2.dir/Drivers/STM32F4xx_HAL_Driver/Src/stm32f4xx_hal_gpio.c.obj
                              0x85466 (size before relaxing)
 .debug_str     0x000874c5      0x430 CMakeFiles/TIM2.dir/Drivers/STM32F4xx_HAL_Driver/Src/stm32f4xx_hal_cortex.c.obj
                              0x85a81 (size before relaxing)
 .debug_str     0x000878f5      0x5a2 CMakeFiles/TIM2.dir/Drivers/STM32F4xx_HAL_Driver/Src/stm32f4xx_hal.c.obj
                              0x85d17 (size before relaxing)
 .debug_str     0x00087e97       0x6e CMakeFiles/TIM2.dir/Core/Src/system_stm32f4xx.c.obj
                              0x852eb (size before relaxing)
 .debug_str     0x00087f05       0x59 CMakeFiles/TIM2.dir/startup_stm32f411xe.s.obj
                                 0x8c (size before relaxing)

.comment        0x00000000       0x43
 .comment       0x00000000       0x43 CMakeFiles/TIM2.dir/Core/Src/main.c.obj
                                 0x44 (size before relaxing)
 .comment       0x00000043       0x44 CMakeFiles/TIM2.dir/Core/Src/stm32f4xx_it.c.obj
 .comment       0x00000043       0x44 CMakeFiles/TIM2.dir/Core/Src/stm32f4xx_hal_msp.c.obj
 .comment       0x00000043       0x44 CMakeFiles/TIM2.dir/Drivers/STM32F4xx_HAL_Driver/Src/stm32f4xx_hal_tim.c.obj
 .comment       0x00000043       0x44 CMakeFiles/TIM2.dir/Drivers/STM32F4xx_HAL_Driver/Src/stm32f4xx_hal_tim_ex.c.obj
 .comment       0x00000043       0x44 CMakeFiles/TIM2.dir/Drivers/STM32F4xx_HAL_Driver/Src/stm32f4xx_hal_rcc.c.obj
 .comment       0x00000043       0x44 CMakeFiles/TIM2.dir/Drivers/STM32F4xx_HAL_Driver/Src/stm32f4xx_hal_gpio.c.obj
 .comment       0x00000043       0x44 CMakeFiles/TIM2.dir/Drivers/STM32F4xx_HAL_Driver/Src/stm32f4xx_hal_cortex.c.obj
 .comment       0x00000043       0x44 CMakeFiles/TIM2.dir/Drivers/STM32F4xx_HAL_Driver/Src/stm32f4xx_hal.c.obj
 .comment       0x00000043       0x44 CMakeFiles/TIM2.dir/Core/Src/system_stm32f4xx.c.obj

.debug_line_str
                0x00000000       0x70
 .debug_line_str
                0x00000000       0x70 CMakeFiles/TIM2.dir/startup_stm32f411xe.s.obj
